// Jest Snapshot v1, https://goo.gl/fbAQLP

exports[`validateGeneric triggers validation error with incorrect data 1`] = `
{
  "message": {
    "AdvancedString": [
      "Invalid AdvancedString regex",
    ],
  },
}
`;

exports[`validateGeneric triggers validation error with incorrect data and uses DEFAULT_ERROR_MESSAGE 1`] = `
{
  "message": "Validation has failed",
}
`;

exports[`validateGeneric with custom error handler triggers validation error with incorrect data 1`] = `
{
  "message": "Invalid validation!",
}
`;
